viiiiral@viiiiral-VirtualBox:~$ ls
Desktop    Downloads         Music   Pictures  Templates
Documents  examples.desktop  os2020  Public    Videos

viiiiral@viiiiral-VirtualBox:~$ wc /etc/passwd
  41   69 2413 /etc/passwd

viiiiral@viiiiral-VirtualBox:~$ free
              total        used        free      shared  buff/cache   available
Mem:        2036816     1345688      103092       39140      588036      506508
Swap:        483800       97024      386776

viiiiral@viiiiral-VirtualBox:~$ cat /proc/cpuinfo
processor	: 0
vendor_id	: GenuineIntel
cpu family	: 6
model		: 158
model name	: Intel(R) Core(TM) i7-8750H CPU @ 2.20GHz
stepping	: 10
cpu MHz		: 2208.002
cache size	: 9216 KB
physical id	: 0
siblings	: 1
core id		: 0
cpu cores	: 1
apicid		: 0
initial apicid	: 0
fpu		: yes
fpu_exception	: yes
cpuid level	: 22
wp		: yes
flags		: fpu vme de pse tsc msr pae mce cx8 apic sep mtrr pge mca cmov pat pse36 clflush mmx fxsr sse sse2 ht syscall nx rdtscp lm constant_tsc rep_good nopl xtopology nonstop_tsc cpuid tsc_known_freq pni pclmulqdq monitor ssse3 cx16 pcid sse4_1 sse4_2 x2apic movbe popcnt aes xsave avx rdrand hypervisor lahf_lm abm 3dnowprefetch invpcid_single pti fsgsbase avx2 invpcid rdseed clflushopt flush_l1d
bugs		: cpu_meltdown spectre_v1 spectre_v2 spec_store_bypass l1tf mds
bogomips	: 4416.00
clflush size	: 64
cache_alignment	: 64
address sizes	: 39 bits physical, 48 bits virtual
power management:

viiiiral@viiiiral-VirtualBox:~$ find home/viiiiral/Pictures|grep ".jpg"
find: ‘home/viiiiral/Pictures’: No such file or directory
